<?xml version="1.0" encoding="UTF-8"?>
<TestRun id="78328d83-ab7a-4c73-b44e-ad396c23c47a" name="SHINGO@SHINGO-PC 2013-06-07 14:00:54" runUser="SHINGO-PC\SHINGO" xmlns="http://microsoft.com/schemas/VisualStudio/TeamTest/2010">
  <TestSettings name="追蹤及測試影響" id="5325b81d-ab78-4e9a-9572-9da61b0ffa3d">
    <Description>這些是追蹤及測試影響的測試設定。</Description>
    <Deployment userDeploymentRoot="D:\備份區\SVN\Customer\HOLYSTONE\人事薪系統\禾伸堂人事薪資系統\TestResults" useDefaultDeploymentRoot="false" runDeploymentRoot="SHINGO_SHINGO-PC 2013-06-07 14_00_54">
      <DeploymentItem filename="D:\備份區\SVN\Customer\HOLYSTONE\元件\JBMODULE.DATA\JBModule.Data.Linq\bin\Debug\JBModule.Data.dll" />
      <DeploymentItem filename="D:\備份區\SVN\Standard\JBMODULE.MESSAGE\bin\Debug\JBModule.Message.dll" />
      <DeploymentItem filename="D:\備份區\SVN\Standard\JBModule\JBModule\bin\Debug\JBModule.dll" />
      <DeploymentItem filename="D:\SVN\Standard\ThirdPartyLib\JSON\Net40\Newtonsoft.Json.dll" />
      <DeploymentItem filename="D:\備份區\SVN\Standard\JBTools\bin\Debug\JBTools.dll" />
      <DeploymentItem filename="D:\備份區\SVN\Standard\JBHR.BLL\Nylok-JBHR.BLL-Branch\bin\Debug\JBHR.BLL.dll" />
      <DeploymentItem filename="D:\備份區\SVN\Customer\HOLYSTONE\元件\JBHR.DLL\bin\Debug\JBHR.Dll.dll" />
    </Deployment>
    <Execution>
      <TestTypeSpecific />
      <AgentRule name="Execution Agents">
        <DataCollectors>
          <DataCollector uri="datacollector://microsoft/SystemInfo/1.0" assemblyQualifiedName="Microsoft.VisualStudio.TestTools.DataCollection.SystemInfo.SystemInfoDataCollector, Microsoft.VisualStudio.TestTools.DataCollection.SystemInfo, Version=10.0.0.0, Culture=neutral, PublicKeyToken=b03f5f7f11d50a3a" friendlyName="系統資訊">
          </DataCollector>
          <DataCollector uri="datacollector://microsoft/ActionLog/1.0" assemblyQualifiedName="Microsoft.VisualStudio.TestTools.ManualTest.ActionLog.ActionLogPlugin, Microsoft.VisualStudio.TestTools.ManualTest.ActionLog, Version=10.0.0.0, Culture=neutral, PublicKeyToken=b03f5f7f11d50a3a" friendlyName="動作">
          </DataCollector>
          <DataCollector uri="datacollector://microsoft/HttpProxy/1.0" assemblyQualifiedName="Microsoft.VisualStudio.TraceCollector.HttpProxyCollector, Microsoft.VisualStudio.TraceCollector, Version=10.0.0.0, Culture=neutral, PublicKeyToken=b03f5f7f11d50a3a" friendlyName="用於 IntelliTrace 及測試影響的 ASP.NET 用戶端 Proxy">
          </DataCollector>
          <DataCollector uri="datacollector://microsoft/TestImpact/1.0" assemblyQualifiedName="Microsoft.VisualStudio.TraceCollector.TestImpactDataCollector, Microsoft.VisualStudio.TraceCollector, Version=10.0.0.0, Culture=neutral, PublicKeyToken=b03f5f7f11d50a3a" friendlyName="測試影響">
          </DataCollector>
          <DataCollector uri="datacollector://microsoft/TraceDebugger/1.0" assemblyQualifiedName="Microsoft.VisualStudio.TraceCollector.TraceDebuggerDataCollector, Microsoft.VisualStudio.TraceCollector, Version=10.0.0.0, Culture=neutral, PublicKeyToken=b03f5f7f11d50a3a" friendlyName="IntelliTrace">
          </DataCollector>
        </DataCollectors>
      </AgentRule>
    </Execution>
  </TestSettings>
  <Times creation="2013-06-07T14:00:54.3816539+08:00" queuing="2013-06-07T14:00:54.7696761+08:00" start="2013-06-07T14:00:59.0539212+08:00" finish="2013-06-07T14:06:10.7947517+08:00" />
  <ResultSummary outcome="Error">
    <Counters total="1" error="0" failed="0" timeout="0" aborted="0" inconclusive="0" passedButRunAborted="0" notRunnable="0" notExecuted="0" disconnected="0" warning="0" passed="0" completed="0" inProgress="0" pending="0" />
    <RunInfos>
      <RunInfo computerName="SHINGO-PC" outcome="Error" timestamp="2013-06-07T14:06:10.7937517+08:00">
        <Text>測試主機處理序在未預期的情況下結束。</Text>
      </RunInfo>
    </RunInfos>
  </ResultSummary>
  <TestDefinitions>
    <UnitTest name="CheckNotifyAutoTest1" storage="d:\備份區\svn\customer\holystone\人事薪系統\禾伸堂人事薪資系統\absrepo_testproject\bin\debug\absrepo_testproject.dll" id="5d7baa8b-5d2f-093a-c496-bc25072f3e4d">
      <Execution id="5fbf2375-c7a0-4b61-aabe-fadd365908b6" />
      <TestMethod codeBase="D:/備份區/SVN/Customer/HOLYSTONE/人事薪系統/禾伸堂人事薪資系統/AbsRepo_TestProject/bin/Debug/AbsRepo_TestProject.DLL" adapterTypeName="Microsoft.VisualStudio.TestTools.TestTypes.Unit.UnitTestAdapter, Microsoft.VisualStudio.QualityTools.Tips.UnitTest.Adapter, Version=10.0.0.0, Culture=neutral, PublicKeyToken=b03f5f7f11d50a3a" className="AbsRepo_TestProject.NotifyServiceTest, AbsRepo_TestProject, Version=1.0.0.0, Culture=neutral, PublicKeyToken=null" name="CheckNotifyAutoTest1" />
    </UnitTest>
  </TestDefinitions>
  <TestLists>
    <TestList name="不在清單中的結果" id="8c84fa94-04c1-424b-9868-57a2d4851a1d" />
    <TestList name="所有載入的結果" id="19431567-8539-422a-85d7-44ee4e166bda" />
  </TestLists>
  <TestEntries>
    <TestEntry testId="5d7baa8b-5d2f-093a-c496-bc25072f3e4d" executionId="5fbf2375-c7a0-4b61-aabe-fadd365908b6" testListId="8c84fa94-04c1-424b-9868-57a2d4851a1d" />
  </TestEntries>
  <Results>
    <UnitTestResult executionId="5fbf2375-c7a0-4b61-aabe-fadd365908b6" testId="5d7baa8b-5d2f-093a-c496-bc25072f3e4d" testName="CheckNotifyAutoTest1" computerName="SHINGO-PC" duration="00:01:03.0844646" startTime="2013-06-07T14:00:59.6179534+08:00" testType="13cdc9d9-ddb5-4fa4-a97d-d965ccfc6d4b" outcome="Failed" testListId="8c84fa94-04c1-424b-9868-57a2d4851a1d" relativeResultsDirectory="5fbf2375-c7a0-4b61-aabe-fadd365908b6">
      <Output>
        <StdOut>2013/6/7 下午 02:01:48	傳送郵件到shingolin@gmail.com(linusliao@holystone.com.tw)	
2013/6/7 下午 02:01:48	傳送郵件到shingolin@gmail.com(linusliao@holystone.com.tw)	
2013/6/7 下午 02:01:48	傳送郵件到shingolin@gmail.com(linusliao@holystone.com.tw)	
2013/6/7 下午 02:01:48	傳送郵件到shingolin@gmail.com(linusliao@holystone.com.tw)	
2013/6/7 下午 02:01:49	傳送郵件到shingolin@gmail.com(linusliao@holystone.com.tw)	
2013/6/7 下午 02:01:49	傳送郵件到shingolin@gmail.com(linusliao@holystone.com.tw)	
2013/6/7 下午 02:02:04	傳送郵件到shingolin@gmail.com(linusliao@holystone.com.tw)	
2013/6/7 下午 02:02:04	傳送郵件到shingolin@gmail.com(linusliao@holystone.com.tw)	
2013/6/7 下午 02:02:04	傳送郵件到shingolin@gmail.com(linusliao@holystone.com.tw)	
2013/6/7 下午 02:02:05	傳送郵件到shingolin@gmail.com(linusliao@holystone.com.tw)	
2013/6/7 下午 02:02:05	傳送郵件到shingolin@gmail.com(linusliao@holystone.com.tw)	
2013/6/7 下午 02:02:05	傳送郵件到shingolin@gmail.com(linusliao@holystone.com.tw)</StdOut>
        <ErrorInfo>
          <Message>Assert.AreEqual 失敗。預期: &lt;0&gt;。實際: &lt;12&gt;。</Message>
          <StackTrace>   於 AbsRepo_TestProject.NotifyServiceTest.CheckNotifyAutoTest1() 於 D:\備份區\SVN\Customer\HOLYSTONE\人事薪系統\禾伸堂人事薪資系統\AbsRepo_TestProject\NotifyServiceTest.cs: 行 90
</StackTrace>
        </ErrorInfo>
      </Output>
      <DataCollectorMessages>
        <DataCollectorMessage timestamp="2013-06-07T14:05:50.5615945+08:00" dataCollectorUri="datacollector://microsoft/HttpProxy/1.0" dataCollectorFriendlyName="用於 IntelliTrace 及測試影響的 ASP.NET 用戶端 Proxy" agentName="SHINGO-PC" level="Warning">
          <Text>處理 Web 要求時發生錯誤: PRXY0006: DNS 無法將主機名稱解析為位址: oavvyrrqdq。無法識別這台主機。</Text>
        </DataCollectorMessage>
        <DataCollectorMessage timestamp="2013-06-07T14:05:50.5635946+08:00" dataCollectorUri="datacollector://microsoft/HttpProxy/1.0" dataCollectorFriendlyName="用於 IntelliTrace 及測試影響的 ASP.NET 用戶端 Proxy" agentName="SHINGO-PC" level="Warning">
          <Text>處理 Web 要求時發生錯誤: PRXY0006: DNS 無法將主機名稱解析為位址: blawneptmh。無法識別這台主機。</Text>
        </DataCollectorMessage>
        <DataCollectorMessage timestamp="2013-06-07T14:05:50.5635946+08:00" dataCollectorUri="datacollector://microsoft/HttpProxy/1.0" dataCollectorFriendlyName="用於 IntelliTrace 及測試影響的 ASP.NET 用戶端 Proxy" agentName="SHINGO-PC" level="Warning">
          <Text>處理 Web 要求時發生錯誤: PRXY0006: DNS 無法將主機名稱解析為位址: ebrjfjtqqm。無法識別這台主機。</Text>
        </DataCollectorMessage>
      </DataCollectorMessages>
    </UnitTestResult>
  </Results>
</TestRun>